✔ adapter positively confirms exact channel absence, while missing markup, login and redirect remain unknown (7.785865ms)
✔ five usable, one technical, two gone: ready first, quiet gone last, IDs-only has five exact strings (17.853318ms)
✔ gone batches survive reload and omit direct URL IDs from current ID output (1.203026ms)
✔ permanent account record survives handle change and confirmed gone without creating a person association (11.951699ms)
✔ golden path remains project-free with mixed URL input and exact large IDs (2.450447ms)
✔ popup, full tool and side panel can reach workspace service (2.789214ms)
✔ web pages and other extension senders cannot mutate workspace (0.287462ms)
✔ authorized message returns action result and errors as structured responses (8.39622ms)
✔ explicit context-menu event saves selection and source to active scan (11.549156ms)
✔ trusted page messages cannot bypass the payload boundary or preference allowlist (0.663575ms)
✔ worker startup storage restriction failure blocks access before routing any action (3.949406ms)
✔ crop handles adjust edges and corners in image pixels without changing the opposite edge (3.754958ms)
✔ crop cannot invert, leave the image or shrink below one pixel; moving preserves size (1.614082ms)
✔ capture start freezes the displayed destination even if default and tab assignment change before worker work (30.189902ms)
✔ capture start rejects stale cross-project displayed context before creating a window (1.334487ms)
✔ side-panel capture without page invocation fails with activeTab guidance and no launch (2.736748ms)
✔ capture cannot target an inactive tab (1.194186ms)
✔ capture lock survives worker-style session state and prevents overlapping controllers (2.343916ms)
✔ navigation after toolbar opens rejects the displayed URL before launching or reading the page (1.563326ms)
✔ selection-and-copy is frozen into the controller seed and unsupported actions do not launch (2.582239ms)
✔ a controller finishing before windows.create resolves cannot leave a stale capture lock (1.324315ms)
✔ scrolling region covers the selected extent and only the needed viewports (4.091891ms)
✔ bottom selection starts in the final viewport and retains crop offset (0.255601ms)
✔ scrolling region bounds huge/infinite selections by tile and pixel limits (0.37595ms)
✔ selection above the initial viewport and horizontal page offset remain document coordinates (0.234791ms)
✔ invalid region and nonfinite geometry fail before capture (0.558932ms)
✔ extended selection preserves original tiles, paces screenshots, crops selected pixels and restores page (9.816003ms)
✔ cancellation restores source without a successful screenshot record (1.040946ms)
✔ source movement discards unvalidated tiles and restores page (2.552675ms)
✔ failed later screenshot retains only validated selected pixels and labels partial (2.894368ms)
✔ changed page height and tile truncation never claim complete (1.297433ms)
✔ fractional crop bounds include outward-rounded high-DPI edge pixels (1.102521ms)
✔ live selection refuses horizontal clipping instead of silently shrinking width (0.874731ms)
✔ aspect mismatch of several pixels fails even when the old relative tolerance accepted it (0.467083ms)
✔ on-page rectangle maps high-DPI fractional edges outward without losing pixels (6.650535ms)
✔ selection rejects movement, resize, zoom and an inconsistent native screenshot scale (1.595719ms)
✔ history browsing is exact by scan, case, subject and Inbox without name-based relationships (0.702285ms)
✔ history search, attention state, saved-only and grouping stay deterministic (0.730035ms)
✔ capture deletion uses record snapshots and refuses active exports, duplicates and empty selection (1.535134ms)
✔ rectangle bounds clamp negative drag, preserve pixel coordinates, reject empty or nonfinite (8.434258ms)
✔ full-page plan bounds high DPI pixels and bottom overlap (0.423173ms)
✔ visible capture keeps original bytes, dimensions, scale and scroll (6.458095ms)
✔ full-page pacing preserves tiles, restores page and marks stitch as derivative (2.033044ms)
✔ cancel while scrolling restores source and does not claim a completed capture (24.333701ms)
✔ tab change after a validated tile retains only validated pixels and marks partial (1.659823ms)
✔ bounded page can never be labeled complete (0.959825ms)
✔ frozen destination rejects mixed Inbox/project and is immutable (0.577887ms)
✔ paths avoid reserved names, traversal, separators and same-name subject collisions (2.514252ms)
✔ shareable rectangle chooses derivative and does not include original pixels (0.54637ms)
✔ SHA-256 is over exact original bytes (11.249968ms)
✔ role clipboard keeps separate dated observations across scans; renames retain their stable relationships (35.734715ms)
✔ role clipboard isolates cases by IDs and ignores an unrelated global destination change (11.049578ms)
✔ local parser emits explicit editable candidates and excludes private contact by default (9.904825ms)
✔ ephemeral names and values are absent from durable JSON; stable role IDs and tokenized queries remain (7.481921ms)
✔ local mode retains only approved reviewed fields, rejects duplicates and preserves apostrophes (1.413539ms)
✔ coverage no match differs from Gone, and association requires a deliberate action (25.169357ms)
✔ merge remaps queue, seed and subject references without changing token text (6.053877ms)
✔ reviewed names over subject limits and injected durable ephemeral values fail before commit (3.517079ms)
✔ project closure removes its linked metadata while preserving Quick Lookup-independent other projects (17.925759ms)
✔ same-named people create separate subjects and role IDs; ordinary search seeds deduplicate (0.385499ms)
✔ simple local cases create stable SOCs and an internal scan without intake, queue or inferred associations (0.855577ms)
✔ lookup context is preserved in a saved/restored batch and overrides a later active scan (13.393279ms)
✔ Inbox origin remains Inbox when a project later becomes active (0.630365ms)
✔ legacy batches have no invented origin and can be saved into chosen active scan (1.615509ms)
✔ undo item.review reverses only the edit and preserves extracted evidence (6.133762ms)
✔ undo item.include reverses only the edit and preserves extracted evidence (1.286251ms)
✔ undo item.annotate reverses only the edit and preserves extracted evidence (17.485658ms)
✔ undo refuses to overwrite a subsequent change to the same record (0.806557ms)
✔ undo move restores original scope and entity link (2.116085ms)
✔ undo task dismissal restores open state with action history intact (1.017951ms)
✔ undo history survives backup merge with remapped references (4.636949ms)
✔ malformed undo backup cannot change extraction fields (1.042343ms)
✔ mechanical checks distinguish duplicate URLs and historical handle changes (1.552605ms)
✔ maximum-length search query is valid in backup action history (0.851067ms)
✔ reviewing or reopening a search preserves its original launch timestamp (1.995308ms)
✔ long unquoted IDs remain exact with numbers inside quoted biography (6.739715ms)
✔ quoted text is preserved: escaped quote (0.942054ms)
✔ quoted text is preserved: unicode (0.879986ms)
✔ quoted text is preserved: brackets (0.201628ms)
✔ quoted text is preserved: backslash (0.365091ms)
✔ a related account cannot supply an ID for requested account (1.205348ms)
✔ page og:url does not authorize unscoped profile_id (16.849051ms)
✔ Facebook explicit mismatched owner cannot inherit page og:url (1.047641ms)
✔ conflicting account data returns an error (0.696525ms)
✔ redirected profile and invalid JSON cannot yield a guessed ID (0.859087ms)
✔ baseline direct URL IDs still work with no workspace project (2.63523ms)
✔ mismatched supplied ID stays out of copy output (2.220315ms)
✔ synthetic matching samples cover all five supported adapters (1.108196ms)
✔ Instagram profile_id in assigned page-source JSON resolves without evaluating page code (0.500913ms)
✔ Facebook userVanity binds only its own userID, including unquoted large integers (0.882675ms)
✔ Facebook profile routes require matching vanity and URL and reject conflicting views (4.949521ms)
✔ all recognized assignments in one script are inspected, including later profiles and conflicts (1.921262ms)
✔ generated isolated reader matches the tested parser and returns no source for every platform (43.451995ms)
✔ page reader rejects wrong profile, conflicts, generic IDs, sign-in and challenge; never executes site script (19.196343ms)
✔ automatic source read stays in page memory with minimal result, credential scope and navigation guard (137.585947ms)
✔ reader boundary rejects unrequested raw data, oversized results, malformed IDs and status values (0.656318ms)
✔ storage access is applied to local and session and failures stop privileged operations (5.256179ms)
✔ trusted messages still reject malformed, oversized, recursive and prototype fields (0.840177ms)
✔ preferences allow only known settings and types; no arbitrary storage payload (7.83032ms)
✔ generated parser cannot drift from module sources (228.705582ms)
✔ public pasted-profile request omits credentials and does not launch a tab when it resolves (9.736325ms)
✔ release privacy gate rejects seeded credentials, private files, archive traversal and nested private packs (215.205905ms)
✔ anonymous denial preserves the explicitly enabled browser fallback and closes only its temporary tab (1038.788679ms)
✔ Instagram pk is the account ID when hydrated data has a separate id (6.096677ms)
✔ matched anonymous profile route resolves before hydration without inventing status (3.798505ms)
✔ route and hydrated pk agree while separate id is excluded from copy (3.529808ms)
✔ route parsing preserves long unquoted content and logging IDs (6.311942ms)
✔ anonymous route rejects different username (2.96188ms)
✔ anonymous route rejects different route URL (3.526586ms)
✔ anonymous route rejects different platform (6.141365ms)
✔ anonymous route rejects sign-in route (0.526192ms)
✔ anonymous route rejects different page type (0.415721ms)
✔ anonymous route rejects missing profile configuration (0.603486ms)
✔ anonymous route rejects unrelated resource (0.395369ms)
✔ anonymous route rejects unrelated entry point (3.970178ms)
✔ anonymous route rejects missing hostable view (0.40117ms)
✔ anonymous route rejects logging mismatch (0.328876ms)
✔ anonymous route rejects page ID mismatch (0.416501ms)
✔ anonymous route rejects unsafe URL (0.46297ms)
✔ two conflicting content views remain ambiguous (0.421275ms)
✔ route cannot override a conflicting hydrated account pk (0.222586ms)
✔ matching pk values in separate observations cannot hide a conflicting profile_id (0.228847ms)
✔ logging fields and recommendations alone cannot identify an account (0.184972ms)
✔ Threads does not inherit Instagram-specific pk semantics (0.319672ms)
✔ an invalid Instagram pk cannot promote its separate id to an account ID (0.444426ms)
✔ Inbox explicit capture requires no project (11.13662ms)
✔ completion stays in original scan after active destination switches (3.897894ms)
✔ same ID with renamed account keeps two immutable observations (2.507065ms)
✔ same ID in a different project is isolated (0.725171ms)
✔ identical explicit save is idempotent; later check adds observation (1.995375ms)
✔ mismatched supplied ID remains a separate unresolved account record (0.793017ms)
✔ review and analyst note edits cannot overwrite extraction evidence (3.081358ms)
✔ Inbox moves scope entities to destination project; captured context retained (1.83218ms)
✔ report uses explicit inclusion, filters excluded items and separates scans (3.936398ms)
✔ search transitions require opening before review and retain query exactly (1.840767ms)
✔ backup round-trip is lossless in an empty workspace (2.164943ms)
✔ restoring into existing work remaps references without changing observations (2.222124ms)
✔ invalid and cross-project backup references are rejected (1.544059ms)
✔ IDs supplied as numbers, unsupported URLs, missing scopes and oversized text fail closed (0.77464ms)
✔ search provider cannot become arbitrary executable URL (0.958106ms)
✔ tasks can be done, dismissed or reopened without losing history (1.823284ms)
✔ common pasted links without a scheme save with their original spelling (0.936771ms)
✔ renaming project and scan preserves existing observation associations (1.858928ms)
✔ challenge libraries, comments and unused login links do not imply an authentication failure (4.044833ms)
✔ observed sign-in text, structured errors and known redirect screens have specific recovery advice (4.169922ms)
✔ missing hydrated ID automatically reads source in the same document and preserves exact ID (2005.92859ms)
✔ hydrated success is fast: no second source request (0.596068ms)
✔ sign-in, security check and ambiguous IDs do not trigger repeated source requests (0.392724ms)
✔ navigation, wrong-source profile, denied source and cancellation never return a guessed ID (8006.780181ms)
✔ first current-page operation checks the public profile once when signed-in markup omits the ID (2054.432917ms)
✔ profile hydration completing during the public request returns the now-loaded current page (2002.792171ms)
✔ public fallback never overrides a newly conflicting ID, authentication screen, or navigation (8007.621952ms)
✔ public fallback rejects wrong profiles and unbound IDs without looping (6004.568049ms)
✔ explicit sign-in, conflicting IDs and successful initial reads never request public fallback (0.741916ms)
✔ cancelling during the public request prevents a result from being returned (2005.043347ms)
✔ an ambiguous public response stays unresolved even if late hydration exposes one of its IDs (2001.693432ms)
✔ history clear invalidates old batch/draft writes and removes nested archive copies only (15.138024ms)
✔ fallback lock serializes delayed writers with clear and recovers after rejection (0.608958ms)
✔ failed clear does not change epoch or lose saved history (1.461517ms)
✔ deleted case cannot be resurrected by late lookup writes, unrelated quick lookup remains usable (1.255119ms)
✔ restore rebases batch epoch and never restores a foreign runtime epoch (12.49412ms)
✔ archive recursion is bounded and excessive nesting leaves clear atomic (3.351314ms)
✔ late search drafts and session edits cannot recreate deleted case context (0.837156ms)
✔ late quick draft cannot reference a removed batch in the current epoch (0.318627ms)
✔ Recent retains five newest batches, removes archive copies and blocks late resurrection (3.924293ms)
✔ Recent migrates older storage on read and an unsuccessful trim leaves all contents intact (4.884746ms)
✔ Updating an existing batch does not make it newer than a later lookup (3.082449ms)
✔ restoring older backups enforces five recent batches in the same storage commit (2.830699ms)
✔ update removes previous query text, search activity and nested drafts while retaining evidence relationships (24.926699ms)
✔ typed searches and stale draft messages do not reach local/session storage or backup (11.333989ms)
✔ all requested reverse-image providers launch fixed HTTPS destinations without query or image data (35.358862ms)
✔ failed navigation cleans the temporary tab and context, without keeping a failed query (1.0264ms)
✔ restoring an older backup cannot restore search text or archived drafts (18.452817ms)
✔ real quick worker resolves a delayed fixture, retains origin after switch, saves to origin and restores batch (113.632044ms)
✔ backup merged into existing work remaps lookup destination with the imported scan (22.692546ms)
✔ worker recovery marks interrupted lookup stopped without dropping its starting scan (7.306954ms)
✔ ready metadata has no artificial two-second delay even when tab status is loading (5.625847ms)
✔ metadata appearing during the buffer succeeds in one operation and reuses the pinned reader (504.512431ms)
✔ an explicitly matching pending URL may settle before the document is read (250.933258ms)
✔ a different pending profile invalidates even a ready ID (0.973538ms)
✔ navigation during the buffer cannot produce a result from the old profile (250.352922ms)
✔ cancellation interrupts the readiness timer without continuing into source fallback (103.444012ms)
✔ source reader sends only a same-origin authenticated GET and returns bounded source (104.966437ms)
✔ source reader reports HTTP, unavailable stream, large response, network and navigation failures (314.53737ms)
✔ simultaneous commands serialize without losing saved items (33.963038ms)
✔ failed persistence never reports success or poisons subsequent writes (1.518366ms)
✔ actual search command remembers its scan across delayed tab creation (8.085509ms)
✔ failed tab creation leaves no retained search query or event (0.789925ms)
✔ capture uses original tab and destination even during a switch (2.241642ms)
✔ capture cannot silently save inaccessible pages (0.422548ms)
✔ complete backup restores original workspace, legacy batches and settings into empty storage (5.028318ms)
✔ import with collisions adds separate copies and archives conflicting preferences (1.013664ms)
✔ report files and foreign keys are rejected before import mutation (0.858943ms)
✔ manifest resources exist and no broad host permissions were added (4.120046ms)
✔ workspace.html has every direct DOM target used by its controller (0.923113ms)
✔ popup.html has every direct DOM target used by its controller (0.604084ms)
✔ index.html has every direct DOM target used by its controller (1.890035ms)
✔ capture.html has every direct DOM target used by its controller (0.26309ms)
✔ capture-edit.html has every direct DOM target used by its controller (0.293439ms)
✔ evidence.html has every direct DOM target used by its controller (0.305644ms)
✔ new UI renders stored text without HTML injection sinks (0.837363ms)
✔ every shipped JavaScript module parses before packaging (2746.140921ms)
✔ the complete service-worker module graph uses only supported static imports (3.912007ms)
✔ browser opener relationship inherits the search while global destination differs (11.226774ms)
✔ unknown or missing opener never invents a relationship from matching URLs (4.60192ms)
✔ explicit reassignment clears originating search and detachment stops inheritance (2.26643ms)
✔ worker module restart retains assignment while a browser session reset drops it (2.282366ms)
✔ closed parent does not retarget child and stale tab IDs are pruned (1.453314ms)
✔ browser replacement transfers explicit context without inspecting a URL (2.357878ms)
✔ search is assigned before navigating and immediate result tabs retain origin (1.722209ms)
✔ page save uses frozen tab context despite delayed read, reassignment and active switch (8.446726ms)
✔ backup merge remaps saved research search references and preserves moved original scope (1.669026ms)
✔ cross-project search references are rejected and quick lookup retains exact reference (0.804627ms)
✔ metadata save uses the toolbar destination despite newer default and tab assignments (0.887658ms)
ℹ tests 214
ℹ suites 0
ℹ pass 214
ℹ fail 0
ℹ cancelled 0
ℹ skipped 0
ℹ todo 0
ℹ duration_ms 33353.760542
