✔ adapter positively confirms exact channel absence, while missing markup, login and redirect remain unknown (7.939703ms)
✔ five usable, one technical, two gone: ready first, quiet gone last, IDs-only has five exact strings (4.668901ms)
✔ gone batches survive reload and omit direct URL IDs from current ID output (1.326215ms)
✔ permanent account record survives handle change and confirmed gone without creating a person association (7.957884ms)
✔ golden path remains project-free with mixed URL input and exact large IDs (5.198016ms)
✔ popup, full tool and side panel can reach workspace service (2.613026ms)
✔ web pages and other extension senders cannot mutate workspace (0.568775ms)
✔ authorized message returns action result and errors as structured responses (6.809531ms)
✔ explicit context-menu event saves selection and source to active scan (11.043115ms)
✔ trusted page messages cannot bypass the payload boundary or preference allowlist (0.997548ms)
✔ worker startup storage restriction failure blocks access before routing any action (3.668491ms)
✔ crop handles adjust edges and corners in image pixels without changing the opposite edge (2.92032ms)
✔ crop cannot invert, leave the image or shrink below one pixel; moving preserves size (0.595052ms)
✔ capture start freezes the displayed destination even if default and tab assignment change before worker work (9.097367ms)
✔ capture start rejects stale cross-project displayed context before creating a window (1.280247ms)
✔ side-panel capture without page invocation fails with activeTab guidance and no launch (0.921302ms)
✔ capture cannot target an inactive tab (0.608871ms)
✔ capture lock survives worker-style session state and prevents overlapping controllers (1.465408ms)
✔ navigation after toolbar opens rejects the displayed URL before launching or reading the page (0.380279ms)
✔ selection-and-copy is frozen into the controller seed and unsupported actions do not launch (0.814113ms)
✔ a controller finishing before windows.create resolves cannot leave a stale capture lock (1.091835ms)
✔ scrolling region covers the selected extent and only the needed viewports (2.991929ms)
✔ bottom selection starts in the final viewport and retains crop offset (0.255795ms)
✔ scrolling region bounds huge/infinite selections by tile and pixel limits (0.524759ms)
✔ selection above the initial viewport and horizontal page offset remain document coordinates (0.264323ms)
✔ invalid region and nonfinite geometry fail before capture (0.538382ms)
✔ extended selection preserves original tiles, paces screenshots, crops selected pixels and restores page (12.772065ms)
✔ cancellation restores source without a successful screenshot record (1.105623ms)
✔ source movement discards unvalidated tiles and restores page (0.953354ms)
✔ failed later screenshot retains only validated selected pixels and labels partial (1.207785ms)
✔ changed page height and tile truncation never claim complete (0.888337ms)
✔ fractional crop bounds include outward-rounded high-DPI edge pixels (0.641827ms)
✔ live selection refuses horizontal clipping instead of silently shrinking width (0.740708ms)
✔ aspect mismatch of several pixels fails even when the old relative tolerance accepted it (0.607099ms)
✔ on-page rectangle maps high-DPI fractional edges outward without losing pixels (3.753867ms)
✔ selection rejects movement, resize, zoom and an inconsistent native screenshot scale (1.032978ms)
✔ history browsing is exact by scan, case, subject and Inbox without name-based relationships (0.488686ms)
✔ history search, attention state, saved-only and grouping stay deterministic (0.73687ms)
✔ capture deletion uses record snapshots and refuses active exports, duplicates and empty selection (0.697947ms)
✔ rectangle bounds clamp negative drag, preserve pixel coordinates, reject empty or nonfinite (3.05855ms)
✔ full-page plan bounds high DPI pixels and bottom overlap (0.485023ms)
✔ visible capture keeps original bytes, dimensions, scale and scroll (9.106384ms)
✔ full-page pacing preserves tiles, restores page and marks stitch as derivative (2.071589ms)
✔ cancel while scrolling restores source and does not claim a completed capture (1.001091ms)
✔ tab change after a validated tile retains only validated pixels and marks partial (0.89467ms)
✔ bounded page can never be labeled complete (2.298519ms)
✔ frozen destination rejects mixed Inbox/project and is immutable (0.536765ms)
✔ paths avoid reserved names, traversal, separators and same-name subject collisions (2.51618ms)
✔ shareable rectangle chooses derivative and does not include original pixels (0.505634ms)
✔ SHA-256 is over exact original bytes (12.908718ms)
✔ role clipboard keeps separate dated observations across scans; renames retain their stable relationships (13.074033ms)
✔ role clipboard isolates cases by IDs and ignores an unrelated global destination change (4.924976ms)
✔ local parser emits explicit editable candidates and excludes private contact by default (6.694057ms)
✔ ephemeral names and values are absent from durable JSON; stable role IDs and tokenized queries remain (2.839255ms)
✔ local mode retains only approved reviewed fields, rejects duplicates and preserves apostrophes (1.264631ms)
✔ coverage no match differs from Gone, and association requires a deliberate action (2.413848ms)
✔ merge remaps queue, seed and subject references without changing token text (3.174286ms)
✔ reviewed names over subject limits and injected durable ephemeral values fail before commit (0.801721ms)
✔ project closure removes its linked metadata while preserving Quick Lookup-independent other projects (4.042806ms)
✔ same-named people create separate subjects and role IDs; ordinary search seeds deduplicate (0.296991ms)
✔ simple local cases create stable SOCs and an internal scan without intake, queue or inferred associations (0.797511ms)
✔ lookup context is preserved in a saved/restored batch and overrides a later active scan (17.189127ms)
✔ Inbox origin remains Inbox when a project later becomes active (0.856416ms)
✔ legacy batches have no invented origin and can be saved into chosen active scan (0.840873ms)
✔ undo item.review reverses only the edit and preserves extracted evidence (3.847346ms)
✔ undo item.include reverses only the edit and preserves extracted evidence (1.239514ms)
✔ undo item.annotate reverses only the edit and preserves extracted evidence (1.210509ms)
✔ undo refuses to overwrite a subsequent change to the same record (0.755799ms)
✔ undo move restores original scope and entity link (1.404883ms)
✔ undo task dismissal restores open state with action history intact (0.712657ms)
✔ undo history survives backup merge with remapped references (3.000361ms)
✔ malformed undo backup cannot change extraction fields (1.009818ms)
✔ mechanical checks distinguish duplicate URLs and historical handle changes (1.67549ms)
✔ maximum-length search query is valid in backup action history (0.924677ms)
✔ reviewing or reopening a search preserves its original launch timestamp (1.599384ms)
✔ long unquoted IDs remain exact with numbers inside quoted biography (5.288719ms)
✔ quoted text is preserved: escaped quote (0.52294ms)
✔ quoted text is preserved: unicode (0.750374ms)
✔ quoted text is preserved: brackets (0.319439ms)
✔ quoted text is preserved: backslash (0.400101ms)
✔ a related account cannot supply an ID for requested account (1.402536ms)
✔ page og:url does not authorize unscoped profile_id (1.312725ms)
✔ Facebook explicit mismatched owner cannot inherit page og:url (1.370552ms)
✔ conflicting account data returns an error (0.382526ms)
✔ redirected profile and invalid JSON cannot yield a guessed ID (2.445104ms)
✔ baseline direct URL IDs still work with no workspace project (2.666455ms)
✔ mismatched supplied ID stays out of copy output (1.267515ms)
✔ synthetic matching samples cover all five supported adapters (1.060668ms)
✔ Instagram profile_id in assigned page-source JSON resolves without evaluating page code (0.609968ms)
✔ Facebook userVanity binds only its own userID, including unquoted large integers (1.541063ms)
✔ Facebook profile routes require matching vanity and URL and reject conflicting views (1.830815ms)
✔ all recognized assignments in one script are inspected, including later profiles and conflicts (4.043191ms)
✔ generated isolated reader matches the tested parser and returns no source for every platform (37.47579ms)
✔ page reader rejects wrong profile, conflicts, generic IDs, sign-in and challenge; never executes site script (18.396408ms)
✔ automatic source read stays in page memory with minimal result, credential scope and navigation guard (48.708031ms)
✔ reader boundary rejects unrequested raw data, oversized results, malformed IDs and status values (0.711381ms)
✔ storage access is applied to local and session and failures stop privileged operations (1.893186ms)
✔ trusted messages still reject malformed, oversized, recursive and prototype fields (0.97646ms)
✔ preferences allow only known settings and types; no arbitrary storage payload (0.524871ms)
✔ generated parser cannot drift from module sources (61.496089ms)
✔ public pasted-profile request omits credentials and does not launch a tab when it resolves (2.882796ms)
✔ release privacy gate rejects seeded credentials, private files, archive traversal and nested private packs (60.449796ms)
✔ anonymous denial preserves the explicitly enabled browser fallback and closes only its temporary tab (1004.997335ms)
✔ Instagram pk is the account ID when hydrated data has a separate id (5.391711ms)
✔ matched anonymous profile route resolves before hydration without inventing status (2.266833ms)
✔ route and hydrated pk agree while separate id is excluded from copy (3.265713ms)
✔ route parsing preserves long unquoted content and logging IDs (0.96237ms)
✔ anonymous route rejects different username (3.049893ms)
✔ anonymous route rejects different route URL (2.918336ms)
✔ anonymous route rejects different platform (0.752262ms)
✔ anonymous route rejects sign-in route (0.351494ms)
✔ anonymous route rejects different page type (0.655148ms)
✔ anonymous route rejects missing profile configuration (0.743185ms)
✔ anonymous route rejects unrelated resource (1.308673ms)
✔ anonymous route rejects unrelated entry point (0.318858ms)
✔ anonymous route rejects missing hostable view (0.502459ms)
✔ anonymous route rejects logging mismatch (0.317129ms)
✔ anonymous route rejects page ID mismatch (0.334776ms)
✔ anonymous route rejects unsafe URL (0.937028ms)
✔ two conflicting content views remain ambiguous (0.370375ms)
✔ route cannot override a conflicting hydrated account pk (0.233542ms)
✔ matching pk values in separate observations cannot hide a conflicting profile_id (0.339368ms)
✔ logging fields and recommendations alone cannot identify an account (0.927615ms)
✔ Threads does not inherit Instagram-specific pk semantics (0.321234ms)
✔ an invalid Instagram pk cannot promote its separate id to an account ID (0.563887ms)
✔ Inbox explicit capture requires no project (9.819825ms)
✔ completion stays in original scan after active destination switches (3.264976ms)
✔ same ID with renamed account keeps two immutable observations (2.808565ms)
✔ same ID in a different project is isolated (1.325009ms)
✔ identical explicit save is idempotent; later check adds observation (2.982317ms)
✔ mismatched supplied ID remains a separate unresolved account record (0.839547ms)
✔ review and analyst note edits cannot overwrite extraction evidence (0.884541ms)
✔ Inbox moves scope entities to destination project; captured context retained (0.763101ms)
✔ report uses explicit inclusion, filters excluded items and separates scans (1.262008ms)
✔ search transitions require opening before review and retain query exactly (7.991283ms)
✔ backup round-trip is lossless in an empty workspace (1.508814ms)
✔ restoring into existing work remaps references without changing observations (1.542995ms)
✔ invalid and cross-project backup references are rejected (1.294834ms)
✔ IDs supplied as numbers, unsupported URLs, missing scopes and oversized text fail closed (1.133607ms)
✔ search provider cannot become arbitrary executable URL (0.263452ms)
✔ tasks can be done, dismissed or reopened without losing history (0.880349ms)
✔ common pasted links without a scheme save with their original spelling (1.226788ms)
✔ renaming project and scan preserves existing observation associations (0.623294ms)
✔ challenge libraries, comments and unused login links do not imply an authentication failure (4.088565ms)
✔ observed sign-in text, structured errors and known redirect screens have specific recovery advice (1.69654ms)
✔ missing hydrated ID automatically reads source in the same document and preserves exact ID (14.120166ms)
✔ hydrated success is fast: no second source request (0.635906ms)
✔ sign-in, security check and ambiguous IDs do not trigger repeated source requests (1.672111ms)
✔ navigation, wrong-source profile, denied source and cancellation never return a guessed ID (9.457777ms)
✔ first current-page operation checks the public profile once when signed-in markup omits the ID (66.199953ms)
✔ profile hydration completing during the public request returns the now-loaded current page (4.259507ms)
✔ public fallback never overrides a newly conflicting ID, authentication screen, or navigation (17.26847ms)
✔ public fallback rejects wrong profiles and unbound IDs without looping (2.225141ms)
✔ explicit sign-in, conflicting IDs and successful initial reads never request public fallback (1.967908ms)
✔ cancelling during the public request prevents a result from being returned (1.426909ms)
✔ an ambiguous public response stays unresolved even if late hydration exposes one of its IDs (5.189643ms)
✔ history clear invalidates old batch/draft writes and removes nested archive copies only (14.72703ms)
✔ fallback lock serializes delayed writers with clear and recovers after rejection (0.883906ms)
✔ failed clear does not change epoch or lose saved history (3.674985ms)
✔ deleted case cannot be resurrected by late lookup writes, unrelated quick lookup remains usable (1.72547ms)
✔ restore rebases batch epoch and never restores a foreign runtime epoch (5.420389ms)
✔ archive recursion is bounded and excessive nesting leaves clear atomic (1.217084ms)
✔ late search drafts and session edits cannot recreate deleted case context (1.11767ms)
✔ late quick draft cannot reference a removed batch in the current epoch (0.418901ms)
✔ Recent retains five newest batches, removes archive copies and blocks late resurrection (7.328731ms)
✔ Recent migrates older storage on read and an unsuccessful trim leaves all contents intact (14.988073ms)
✔ Updating an existing batch does not make it newer than a later lookup (2.818952ms)
✔ restoring older backups enforces five recent batches in the same storage commit (2.152351ms)
✔ update removes previous query text, search activity and nested drafts while retaining evidence relationships (10.617881ms)
✔ typed searches and stale draft messages do not reach local/session storage or backup (6.522681ms)
✔ all requested reverse-image providers launch fixed HTTPS destinations without query or image data (6.60604ms)
✔ failed navigation cleans the temporary tab and context, without keeping a failed query (0.827214ms)
✔ restoring an older backup cannot restore search text or archived drafts (9.583049ms)
✔ real quick worker resolves a delayed fixture, retains origin after switch, saves to origin and restores batch (47.793053ms)
✔ backup merged into existing work remaps lookup destination with the imported scan (14.671769ms)
✔ worker recovery marks interrupted lookup stopped without dropping its starting scan (4.873369ms)
✔ source reader sends only a same-origin authenticated GET and returns bounded source (64.79469ms)
✔ source reader reports HTTP, unavailable stream, large response, network and navigation failures (66.98129ms)
✔ simultaneous commands serialize without losing saved items (30.856286ms)
✔ failed persistence never reports success or poisons subsequent writes (2.057063ms)
✔ actual search command remembers its scan across delayed tab creation (8.033191ms)
✔ failed tab creation leaves no retained search query or event (3.026413ms)
✔ capture uses original tab and destination even during a switch (4.928212ms)
✔ capture cannot silently save inaccessible pages (0.717226ms)
✔ complete backup restores original workspace, legacy batches and settings into empty storage (10.306381ms)
✔ import with collisions adds separate copies and archives conflicting preferences (2.438759ms)
✔ report files and foreign keys are rejected before import mutation (1.105726ms)
✔ manifest resources exist and no broad host permissions were added (9.152147ms)
✔ workspace.html has every direct DOM target used by its controller (1.386146ms)
✔ popup.html has every direct DOM target used by its controller (1.923247ms)
✔ index.html has every direct DOM target used by its controller (4.448005ms)
✔ capture.html has every direct DOM target used by its controller (0.478997ms)
✔ capture-edit.html has every direct DOM target used by its controller (3.510514ms)
✔ evidence.html has every direct DOM target used by its controller (0.407ms)
✔ new UI renders stored text without HTML injection sinks (4.962078ms)
✔ every shipped JavaScript module parses before packaging (2375.715518ms)
✔ the complete service-worker module graph uses only supported static imports (4.142115ms)
✔ browser opener relationship inherits the search while global destination differs (7.479592ms)
✔ unknown or missing opener never invents a relationship from matching URLs (0.599628ms)
✔ explicit reassignment clears originating search and detachment stops inheritance (2.420798ms)
✔ worker module restart retains assignment while a browser session reset drops it (3.411061ms)
✔ closed parent does not retarget child and stale tab IDs are pruned (1.115967ms)
✔ browser replacement transfers explicit context without inspecting a URL (0.771763ms)
✔ search is assigned before navigating and immediate result tabs retain origin (1.20332ms)
✔ page save uses frozen tab context despite delayed read, reassignment and active switch (10.556775ms)
✔ backup merge remaps saved research search references and preserves moved original scope (3.770706ms)
✔ cross-project search references are rejected and quick lookup retains exact reference (1.422104ms)
✔ metadata save uses the toolbar destination despite newer default and tab assignments (0.926903ms)
ℹ tests 208
ℹ suites 0
ℹ pass 208
ℹ fail 0
ℹ cancelled 0
ℹ skipped 0
ℹ todo 0
ℹ duration_ms 3917.083829
