✔ adapter positively confirms exact channel absence, while missing markup, login and redirect remain unknown (8.854291ms)
✔ five usable, one technical, two gone: ready first, quiet gone last, IDs-only has five exact strings (3.052703ms)
✔ gone batches survive reload and omit direct URL IDs from current ID output (24.111783ms)
✔ permanent account record survives handle change and confirmed gone without creating a person association (16.685251ms)
✔ golden path remains project-free with mixed URL input and exact large IDs (1.557493ms)
✔ popup, full tool and side panel can reach workspace service (15.431137ms)
✔ web pages and other extension senders cannot mutate workspace (0.267768ms)
✔ authorized message returns action result and errors as structured responses (29.996048ms)
✔ explicit context-menu event saves selection and source to active scan (32.125261ms)
✔ trusted page messages cannot bypass the payload boundary or preference allowlist (2.935936ms)
✔ worker startup storage restriction failure blocks access before routing any action (8.172098ms)
✔ crop handles adjust edges and corners in image pixels without changing the opposite edge (33.164419ms)
✔ crop cannot invert, leave the image or shrink below one pixel; moving preserves size (9.374437ms)
✔ capture start freezes the displayed destination even if default and tab assignment change before worker work (21.130643ms)
✔ capture start rejects stale cross-project displayed context before creating a window (8.426702ms)
✔ side-panel capture without page invocation fails with activeTab guidance and no launch (0.836069ms)
✔ capture cannot target an inactive tab (2.067968ms)
✔ capture lock survives worker-style session state and prevents overlapping controllers (24.846608ms)
✔ navigation after toolbar opens rejects the displayed URL before launching or reading the page (0.610034ms)
✔ selection-and-copy is frozen into the controller seed and unsupported actions do not launch (5.824475ms)
✔ a controller finishing before windows.create resolves cannot leave a stale capture lock (6.062103ms)
✔ scrolling region covers the selected extent and only the needed viewports (7.930609ms)
✔ bottom selection starts in the final viewport and retains crop offset (0.218709ms)
✔ scrolling region bounds huge/infinite selections by tile and pixel limits (0.347729ms)
✔ selection above the initial viewport and horizontal page offset remain document coordinates (0.141225ms)
✔ invalid region and nonfinite geometry fail before capture (0.320278ms)
✔ extended selection preserves original tiles, paces screenshots, crops selected pixels and restores page (15.738454ms)
✔ cancellation restores source without a successful screenshot record (0.620306ms)
✔ source movement discards unvalidated tiles and restores page (8.445151ms)
✔ failed later screenshot retains only validated selected pixels and labels partial (0.938423ms)
✔ changed page height and tile truncation never claim complete (0.678568ms)
✔ fractional crop bounds include outward-rounded high-DPI edge pixels (1.038401ms)
✔ live selection refuses horizontal clipping instead of silently shrinking width (1.012507ms)
✔ aspect mismatch of several pixels fails even when the old relative tolerance accepted it (0.318231ms)
✔ on-page rectangle maps high-DPI fractional edges outward without losing pixels (3.882546ms)
✔ selection rejects movement, resize, zoom and an inconsistent native screenshot scale (5.064435ms)
✔ history browsing is exact by scan, case, subject and Inbox without name-based relationships (0.942809ms)
✔ history search, attention state, saved-only and grouping stay deterministic (10.575828ms)
✔ capture deletion uses record snapshots and refuses active exports, duplicates and empty selection (0.622237ms)
✔ rectangle bounds clamp negative drag, preserve pixel coordinates, reject empty or nonfinite (1.741057ms)
✔ full-page plan bounds high DPI pixels and bottom overlap (0.269897ms)
✔ visible capture keeps original bytes, dimensions, scale and scroll (26.751852ms)
✔ full-page pacing preserves tiles, restores page and marks stitch as derivative (0.897415ms)
✔ cancel while scrolling restores source and does not claim a completed capture (4.556713ms)
✔ tab change after a validated tile retains only validated pixels and marks partial (0.46403ms)
✔ bounded page can never be labeled complete (2.141468ms)
✔ frozen destination rejects mixed Inbox/project and is immutable (0.338827ms)
✔ paths avoid reserved names, traversal, separators and same-name subject collisions (21.181362ms)
✔ shareable rectangle chooses derivative and does not include original pixels (0.360915ms)
✔ SHA-256 is over exact original bytes (7.906563ms)
✔ role clipboard keeps separate dated observations across scans; renames retain their stable relationships (58.179812ms)
✔ role clipboard isolates cases by IDs and ignores an unrelated global destination change (3.268806ms)
✔ local parser emits explicit editable candidates and excludes private contact by default (32.00806ms)
✔ ephemeral names and values are absent from durable JSON; stable role IDs and tokenized queries remain (20.232271ms)
✔ local mode retains only approved reviewed fields, rejects duplicates and preserves apostrophes (36.829685ms)
✔ coverage no match differs from Gone, and association requires a deliberate action (20.728472ms)
✔ merge remaps queue, seed and subject references without changing token text (19.633525ms)
✔ reviewed names over subject limits and injected durable ephemeral values fail before commit (1.154254ms)
✔ project closure removes its linked metadata while preserving Quick Lookup-independent other projects (70.87645ms)
✔ same-named people create separate subjects and role IDs; ordinary search seeds deduplicate (1.734478ms)
✔ simple local cases create stable SOCs and an internal scan without intake, queue or inferred associations (15.753028ms)
✔ lookup context is preserved in a saved/restored batch and overrides a later active scan (74.365287ms)
✔ Inbox origin remains Inbox when a project later becomes active (0.589149ms)
✔ legacy batches have no invented origin and can be saved into chosen active scan (16.858913ms)
✔ undo item.review reverses only the edit and preserves extracted evidence (3.665221ms)
✔ undo item.include reverses only the edit and preserves extracted evidence (15.620105ms)
✔ undo item.annotate reverses only the edit and preserves extracted evidence (9.596336ms)
✔ undo refuses to overwrite a subsequent change to the same record (0.814653ms)
✔ undo move restores original scope and entity link (1.122017ms)
✔ undo task dismissal restores open state with action history intact (41.831616ms)
✔ undo history survives backup merge with remapped references (23.877182ms)
✔ malformed undo backup cannot change extraction fields (1.584226ms)
✔ mechanical checks distinguish duplicate URLs and historical handle changes (13.638425ms)
✔ maximum-length search query is valid in backup action history (0.819587ms)
✔ reviewing or reopening a search preserves its original launch timestamp (13.014761ms)
✔ long unquoted IDs remain exact with numbers inside quoted biography (11.670687ms)
✔ quoted text is preserved: escaped quote (0.465004ms)
✔ quoted text is preserved: unicode (6.032217ms)
✔ quoted text is preserved: brackets (0.293754ms)
✔ quoted text is preserved: backslash (0.248814ms)
✔ a related account cannot supply an ID for requested account (1.485839ms)
✔ page og:url does not authorize unscoped profile_id (6.373763ms)
✔ Facebook explicit mismatched owner cannot inherit page og:url (1.677682ms)
✔ conflicting account data returns an error (0.465727ms)
✔ redirected profile and invalid JSON cannot yield a guessed ID (0.591857ms)
✔ baseline direct URL IDs still work with no workspace project (29.746607ms)
✔ mismatched supplied ID stays out of copy output (2.83326ms)
✔ synthetic matching samples cover all five supported adapters (3.747922ms)
✔ Instagram profile_id in assigned page-source JSON resolves without evaluating page code (0.567932ms)
✔ Facebook userVanity binds only its own userID, including unquoted large integers (0.648627ms)
✔ Facebook profile routes require matching vanity and URL and reject conflicting views (7.711002ms)
✔ all recognized assignments in one script are inspected, including later profiles and conflicts (1.231867ms)
✔ generated isolated reader matches the tested parser and returns no source for every platform (93.654425ms)
✔ page reader rejects wrong profile, conflicts, generic IDs, sign-in and challenge; never executes site script (68.978416ms)
✔ automatic source read stays in page memory with minimal result, credential scope and navigation guard (300.778554ms)
✔ reader boundary rejects unrequested raw data, oversized results, malformed IDs and status values (0.885712ms)
✔ storage access is applied to local and session and failures stop privileged operations (1.742692ms)
✔ trusted messages still reject malformed, oversized, recursive and prototype fields (4.428779ms)
✔ preferences allow only known settings and types; no arbitrary storage payload (0.56575ms)
✔ generated parser cannot drift from module sources (404.039964ms)
✔ public pasted-profile request omits credentials and does not launch a tab when it resolves (12.718582ms)
✔ release privacy gate rejects seeded credentials, private files, archive traversal and nested private packs (388.052077ms)
✔ anonymous denial preserves the explicitly enabled browser fallback and closes only its temporary tab (1014.549861ms)
✔ Instagram pk is the account ID when hydrated data has a separate id (4.279496ms)
✔ matched anonymous profile route resolves before hydration without inventing status (0.915036ms)
✔ route and hydrated pk agree while separate id is excluded from copy (8.328706ms)
✔ route parsing preserves long unquoted content and logging IDs (3.40074ms)
✔ anonymous route rejects different username (2.179357ms)
✔ anonymous route rejects different route URL (5.057161ms)
✔ anonymous route rejects different platform (1.89116ms)
✔ anonymous route rejects sign-in route (0.237229ms)
✔ anonymous route rejects different page type (0.203618ms)
✔ anonymous route rejects missing profile configuration (0.616579ms)
✔ anonymous route rejects unrelated resource (7.175277ms)
✔ anonymous route rejects unrelated entry point (0.336254ms)
✔ anonymous route rejects missing hostable view (0.188185ms)
✔ anonymous route rejects logging mismatch (0.195999ms)
✔ anonymous route rejects page ID mismatch (0.17963ms)
✔ anonymous route rejects unsafe URL (0.279227ms)
✔ two conflicting content views remain ambiguous (0.255904ms)
✔ route cannot override a conflicting hydrated account pk (0.153139ms)
✔ matching pk values in separate observations cannot hide a conflicting profile_id (0.16369ms)
✔ logging fields and recommendations alone cannot identify an account (0.132004ms)
✔ Threads does not inherit Instagram-specific pk semantics (0.174724ms)
✔ an invalid Instagram pk cannot promote its separate id to an account ID (0.312934ms)
✔ Inbox explicit capture requires no project (39.121165ms)
✔ completion stays in original scan after active destination switches (6.427768ms)
✔ same ID with renamed account keeps two immutable observations (1.904622ms)
✔ same ID in a different project is isolated (0.750413ms)
✔ identical explicit save is idempotent; later check adds observation (1.410071ms)
✔ mismatched supplied ID remains a separate unresolved account record (0.733472ms)
✔ review and analyst note edits cannot overwrite extraction evidence (3.561222ms)
✔ Inbox moves scope entities to destination project; captured context retained (1.208334ms)
✔ report uses explicit inclusion, filters excluded items and separates scans (2.128251ms)
✔ search transitions require opening before review and retain query exactly (1.853277ms)
✔ backup round-trip is lossless in an empty workspace (1.586695ms)
✔ restoring into existing work remaps references without changing observations (2.095879ms)
✔ invalid and cross-project backup references are rejected (1.717702ms)
✔ IDs supplied as numbers, unsupported URLs, missing scopes and oversized text fail closed (1.087209ms)
✔ search provider cannot become arbitrary executable URL (0.294984ms)
✔ tasks can be done, dismissed or reopened without losing history (1.245526ms)
✔ common pasted links without a scheme save with their original spelling (0.632279ms)
✔ renaming project and scan preserves existing observation associations (2.42537ms)
✔ challenge libraries, comments and unused login links do not imply an authentication failure (31.33575ms)
✔ observed sign-in text, structured errors and known redirect screens have specific recovery advice (34.300495ms)
✔ missing hydrated ID automatically reads source in the same document and preserves exact ID (2.309652ms)
✔ hydrated success is fast: no second source request (0.775431ms)
✔ sign-in, security check and ambiguous IDs do not trigger repeated source requests (51.862815ms)
✔ navigation, wrong-source profile, denied source and cancellation never return a guessed ID (1.809712ms)
✔ history clear invalidates old batch/draft writes and removes nested archive copies only (120.021278ms)
✔ fallback lock serializes delayed writers with clear and recovers after rejection (10.043685ms)
✔ failed clear does not change epoch or lose saved history (7.679048ms)
✔ deleted case cannot be resurrected by late lookup writes, unrelated quick lookup remains usable (7.946608ms)
✔ restore rebases batch epoch and never restores a foreign runtime epoch (17.121054ms)
✔ archive recursion is bounded and excessive nesting leaves clear atomic (0.531634ms)
✔ late search drafts and session edits cannot recreate deleted case context (0.665844ms)
✔ late quick draft cannot reference a removed batch in the current epoch (0.20777ms)
✔ Recent retains five newest batches, removes archive copies and blocks late resurrection (41.362579ms)
✔ Recent migrates older storage on read and an unsuccessful trim leaves all contents intact (10.11158ms)
✔ Updating an existing batch does not make it newer than a later lookup (20.131159ms)
✔ restoring older backups enforces five recent batches in the same storage commit (4.020206ms)
✔ update removes previous query text, search activity and nested drafts while retaining evidence relationships (83.876651ms)
✔ typed searches and stale draft messages do not reach local/session storage or backup (3.26264ms)
✔ all requested reverse-image providers launch fixed HTTPS destinations without query or image data (15.590314ms)
✔ failed navigation cleans the temporary tab and context, without keeping a failed query (26.42805ms)
✔ restoring an older backup cannot restore search text or archived drafts (25.898069ms)
✔ real quick worker resolves a delayed fixture, retains origin after switch, saves to origin and restores batch (524.646481ms)
✔ backup merged into existing work remaps lookup destination with the imported scan (58.94529ms)
✔ worker recovery marks interrupted lookup stopped without dropping its starting scan (14.406929ms)
✔ source reader sends only a same-origin authenticated GET and returns bounded source (404.382147ms)
✔ source reader reports HTTP, unavailable stream, large response, network and navigation failures (395.280099ms)
✔ simultaneous commands serialize without losing saved items (68.707119ms)
✔ failed persistence never reports success or poisons subsequent writes (6.753045ms)
✔ actual search command remembers its scan across delayed tab creation (19.343443ms)
✔ failed tab creation leaves no retained search query or event (5.623809ms)
✔ capture uses original tab and destination even during a switch (3.675871ms)
✔ capture cannot silently save inaccessible pages (1.990988ms)
✔ complete backup restores original workspace, legacy batches and settings into empty storage (42.622195ms)
✔ import with collisions adds separate copies and archives conflicting preferences (1.468326ms)
✔ report files and foreign keys are rejected before import mutation (0.963101ms)
✔ manifest resources exist and no broad host permissions were added (15.265486ms)
✔ workspace.html has every direct DOM target used by its controller (27.750448ms)
✔ popup.html has every direct DOM target used by its controller (0.980575ms)
✔ index.html has every direct DOM target used by its controller (23.869588ms)
✔ capture.html has every direct DOM target used by its controller (0.421943ms)
✔ capture-edit.html has every direct DOM target used by its controller (0.537905ms)
✔ evidence.html has every direct DOM target used by its controller (20.195631ms)
✔ new UI renders stored text without HTML injection sinks (1.406984ms)
✔ every shipped JavaScript module parses before packaging (5196.275736ms)
✔ the complete service-worker module graph uses only supported static imports (10.738476ms)
✔ browser opener relationship inherits the search while global destination differs (78.388835ms)
✔ unknown or missing opener never invents a relationship from matching URLs (9.276ms)
✔ explicit reassignment clears originating search and detachment stops inheritance (16.540111ms)
✔ worker module restart retains assignment while a browser session reset drops it (37.353463ms)
✔ closed parent does not retarget child and stale tab IDs are pruned (11.580395ms)
✔ browser replacement transfers explicit context without inspecting a URL (6.026828ms)
✔ search is assigned before navigating and immediate result tabs retain origin (12.552229ms)
✔ page save uses frozen tab context despite delayed read, reassignment and active switch (103.518228ms)
✔ backup merge remaps saved research search references and preserves moved original scope (26.730003ms)
✔ cross-project search references are rejected and quick lookup retains exact reference (1.241426ms)
✔ metadata save uses the toolbar destination despite newer default and tab assignments (4.705892ms)
ℹ tests 201
ℹ suites 0
ℹ pass 201
ℹ fail 0
ℹ cancelled 0
ℹ skipped 0
ℹ todo 0
ℹ duration_ms 9957.239662
