✔ adapter positively confirms exact channel absence, while missing markup, login and redirect remain unknown (6.751523ms)
✔ five usable, one technical, two gone: ready first, quiet gone last, IDs-only has five exact strings (2.587108ms)
✔ gone batches survive reload and omit direct URL IDs from current ID output (2.540695ms)
✔ permanent account record survives handle change and confirmed gone without creating a person association (8.700048ms)
✔ golden path remains project-free with mixed URL input and exact large IDs (2.098605ms)
✔ popup, full tool and side panel can reach workspace service (2.871023ms)
✔ web pages and other extension senders cannot mutate workspace (0.181097ms)
✔ authorized message returns action result and errors as structured responses (18.070668ms)
✔ explicit context-menu event saves selection and source to active scan (7.531364ms)
✔ trusted page messages cannot bypass the payload boundary or preference allowlist (0.893722ms)
✔ worker startup storage restriction failure blocks access before routing any action (3.518616ms)
✔ crop handles adjust edges and corners in image pixels without changing the opposite edge (1.447338ms)
✔ crop cannot invert, leave the image or shrink below one pixel; moving preserves size (0.325396ms)
✔ capture start freezes the displayed destination even if default and tab assignment change before worker work (5.3009ms)
✔ capture start rejects stale cross-project displayed context before creating a window (0.922699ms)
✔ side-panel capture without page invocation fails with activeTab guidance and no launch (0.578915ms)
✔ capture cannot target an inactive tab (0.36481ms)
✔ capture lock survives worker-style session state and prevents overlapping controllers (0.893388ms)
✔ navigation after toolbar opens rejects the displayed URL before launching or reading the page (0.319473ms)
✔ selection-and-copy is frozen into the controller seed and unsupported actions do not launch (0.902545ms)
✔ a controller finishing before windows.create resolves cannot leave a stale capture lock (0.780736ms)
✔ scrolling region covers the selected extent and only the needed viewports (3.442984ms)
✔ bottom selection starts in the final viewport and retains crop offset (0.222291ms)
✔ scrolling region bounds huge/infinite selections by tile and pixel limits (0.290897ms)
✔ selection above the initial viewport and horizontal page offset remain document coordinates (0.319999ms)
✔ invalid region and nonfinite geometry fail before capture (0.468592ms)
✔ extended selection preserves original tiles, paces screenshots, crops selected pixels and restores page (29.469519ms)
✔ cancellation restores source without a successful screenshot record (0.878534ms)
✔ source movement discards unvalidated tiles and restores page (0.657084ms)
✔ failed later screenshot retains only validated selected pixels and labels partial (0.902524ms)
✔ changed page height and tile truncation never claim complete (1.350212ms)
✔ fractional crop bounds include outward-rounded high-DPI edge pixels (0.583669ms)
✔ live selection refuses horizontal clipping instead of silently shrinking width (0.631067ms)
✔ aspect mismatch of several pixels fails even when the old relative tolerance accepted it (0.429187ms)
✔ on-page rectangle maps high-DPI fractional edges outward without losing pixels (3.559885ms)
✔ selection rejects movement, resize, zoom and an inconsistent native screenshot scale (0.69394ms)
✔ history browsing is exact by scan, case, subject and Inbox without name-based relationships (1.061867ms)
✔ history search, attention state, saved-only and grouping stay deterministic (0.408908ms)
✔ capture deletion uses record snapshots and refuses active exports, duplicates and empty selection (0.548274ms)
✔ rectangle bounds clamp negative drag, preserve pixel coordinates, reject empty or nonfinite (1.374833ms)
✔ full-page plan bounds high DPI pixels and bottom overlap (0.980866ms)
✔ visible capture keeps original bytes, dimensions, scale and scroll (3.012441ms)
✔ full-page pacing preserves tiles, restores page and marks stitch as derivative (0.631008ms)
✔ cancel while scrolling restores source and does not claim a completed capture (1.044681ms)
✔ tab change after a validated tile retains only validated pixels and marks partial (1.222595ms)
✔ bounded page can never be labeled complete (1.078571ms)
✔ frozen destination rejects mixed Inbox/project and is immutable (0.399859ms)
✔ paths avoid reserved names, traversal, separators and same-name subject collisions (1.085281ms)
✔ shareable rectangle chooses derivative and does not include original pixels (0.493874ms)
✔ SHA-256 is over exact original bytes (10.766346ms)
✔ role clipboard keeps separate dated observations across scans; renames retain their stable relationships (12.923997ms)
✔ role clipboard isolates cases by IDs and ignores an unrelated global destination change (2.421071ms)
✔ local parser emits explicit editable candidates and excludes private contact by default (8.950166ms)
✔ ephemeral names and values are absent from durable JSON; stable role IDs and tokenized queries remain (4.772039ms)
✔ local mode retains only approved reviewed fields, rejects duplicates and preserves apostrophes (2.077402ms)
✔ coverage no match differs from Gone, and association requires a deliberate action (4.090448ms)
✔ merge remaps queue, seed and subject references without changing token text (3.317033ms)
✔ reviewed names over subject limits and injected durable ephemeral values fail before commit (1.289605ms)
✔ project closure removes its linked metadata while preserving Quick Lookup-independent other projects (5.099903ms)
✔ same-named people create separate subjects and role IDs; ordinary search seeds deduplicate (0.621128ms)
✔ simple local cases create stable SOCs and an internal scan without intake, queue or inferred associations (20.010631ms)
✔ TikTok content resolves only its bound author, preserves exact ID and emits clean four-field output (10.182151ms)
✔ Content lookup rejects commenter-only, unrelated item, owner mismatch, conflicting ID and navigation (1.148619ms)
✔ Instagram and Threads owners require matching post codes and reject multiple owners (4.123286ms)
✔ YouTube only accepts videoDetails tied to the requested video and keeps channel ID exact (1.548792ms)
✔ Facebook owner must be a bound User/Page; numeric identity query survives canonicalization (0.738773ms)
✔ Opaque short URLs and arbitrary redirects are unsupported, never guessed (0.390529ms)
✔ lookup context is preserved in a saved/restored batch and overrides a later active scan (8.308896ms)
✔ Inbox origin remains Inbox when a project later becomes active (0.522741ms)
✔ legacy batches have no invented origin and can be saved into chosen active scan (0.755715ms)
✔ undo item.review reverses only the edit and preserves extracted evidence (3.524448ms)
✔ undo item.include reverses only the edit and preserves extracted evidence (1.127818ms)
✔ undo item.annotate reverses only the edit and preserves extracted evidence (1.011964ms)
✔ undo refuses to overwrite a subsequent change to the same record (0.711237ms)
✔ undo move restores original scope and entity link (1.441055ms)
✔ undo task dismissal restores open state with action history intact (0.750692ms)
✔ undo history survives backup merge with remapped references (2.721001ms)
✔ malformed undo backup cannot change extraction fields (0.992673ms)
✔ mechanical checks distinguish duplicate URLs and historical handle changes (1.440552ms)
✔ maximum-length search query is valid in backup action history (0.641488ms)
✔ reviewing or reopening a search preserves its original launch timestamp (1.43584ms)
✔ long unquoted IDs remain exact with numbers inside quoted biography (8.904823ms)
✔ quoted text is preserved: escaped quote (0.352177ms)
✔ quoted text is preserved: unicode (0.522715ms)
✔ quoted text is preserved: brackets (0.486786ms)
✔ quoted text is preserved: backslash (0.161027ms)
✔ a related account cannot supply an ID for requested account (0.812464ms)
✔ page og:url does not authorize unscoped profile_id (3.585874ms)
✔ Facebook explicit mismatched owner cannot inherit page og:url (0.876772ms)
✔ conflicting account data returns an error (4.510437ms)
✔ redirected profile and invalid JSON cannot yield a guessed ID (0.435202ms)
✔ baseline direct URL IDs still work with no workspace project (1.492558ms)
✔ mismatched supplied ID stays out of copy output (1.020255ms)
✔ synthetic matching samples cover all five supported adapters (0.677138ms)
✔ Instagram profile_id in assigned page-source JSON resolves without evaluating page code (0.282415ms)
✔ Facebook userVanity binds only its own userID, including unquoted large integers (0.372904ms)
✔ Facebook profile routes require matching vanity and URL and reject conflicting views (5.438205ms)
✔ all recognized assignments in one script are inspected, including later profiles and conflicts (0.843747ms)
✔ generated isolated reader matches the tested parser and returns no source for every platform (19.696516ms)
✔ page reader rejects wrong profile, conflicts, generic IDs, sign-in and challenge; never executes site script (7.657895ms)
✔ automatic source read stays in page memory with minimal result, credential scope and navigation guard (60.443751ms)
✔ reader boundary rejects unrequested raw data, oversized results, malformed IDs and status values (0.542953ms)
✔ storage access is applied to local and session and failures stop privileged operations (2.138998ms)
✔ trusted messages still reject malformed, oversized, recursive and prototype fields (1.607458ms)
✔ preferences allow only known settings and types; no arbitrary storage payload (0.549649ms)
✔ generated parser cannot drift from module sources (62.8891ms)
✔ public pasted-profile request omits credentials and does not launch a tab when it resolves (6.496652ms)
✔ release privacy gate rejects seeded credentials, private files, archive traversal and nested private packs (66.314236ms)
✔ anonymous denial preserves the explicitly enabled browser fallback and closes only its temporary tab (1003.716272ms)
✔ Instagram pk is the account ID when hydrated data has a separate id (4.552699ms)
✔ matched anonymous profile route resolves before hydration without inventing status (3.62607ms)
✔ route and hydrated pk agree while separate id is excluded from copy (2.876316ms)
✔ route parsing preserves long unquoted content and logging IDs (0.995459ms)
✔ anonymous route rejects different username (3.020256ms)
✔ anonymous route rejects different route URL (24.207837ms)
✔ anonymous route rejects different platform (0.769533ms)
✔ anonymous route rejects sign-in route (0.374848ms)
✔ anonymous route rejects different page type (0.341513ms)
✔ anonymous route rejects missing profile configuration (0.549976ms)
✔ anonymous route rejects unrelated resource (5.643714ms)
✔ anonymous route rejects unrelated entry point (0.398039ms)
✔ anonymous route rejects missing hostable view (0.272741ms)
✔ anonymous route rejects logging mismatch (0.293173ms)
✔ anonymous route rejects page ID mismatch (0.291647ms)
✔ anonymous route rejects unsafe URL (0.299806ms)
✔ two conflicting content views remain ambiguous (0.426058ms)
✔ route cannot override a conflicting hydrated account pk (0.255549ms)
✔ matching pk values in separate observations cannot hide a conflicting profile_id (0.235178ms)
✔ logging fields and recommendations alone cannot identify an account (0.218487ms)
✔ Threads does not inherit Instagram-specific pk semantics (0.327213ms)
✔ an invalid Instagram pk cannot promote its separate id to an account ID (0.511444ms)
✔ Inbox explicit capture requires no project (5.478494ms)
✔ completion stays in original scan after active destination switches (1.799348ms)
✔ same ID with renamed account keeps two immutable observations (1.47008ms)
✔ same ID in a different project is isolated (0.554201ms)
✔ identical explicit save is idempotent; later check adds observation (0.51111ms)
✔ mismatched supplied ID remains a separate unresolved account record (0.39763ms)
✔ review and analyst note edits cannot overwrite extraction evidence (1.046237ms)
✔ Inbox moves scope entities to destination project; captured context retained (0.683486ms)
✔ report uses explicit inclusion, filters excluded items and separates scans (1.201432ms)
✔ search transitions require opening before review and retain query exactly (0.756013ms)
✔ backup round-trip is lossless in an empty workspace (1.232084ms)
✔ restoring into existing work remaps references without changing observations (1.067266ms)
✔ invalid and cross-project backup references are rejected (0.782639ms)
✔ IDs supplied as numbers, unsupported URLs, missing scopes and oversized text fail closed (0.475011ms)
✔ search provider cannot become arbitrary executable URL (0.32643ms)
✔ tasks can be done, dismissed or reopened without losing history (0.56018ms)
✔ common pasted links without a scheme save with their original spelling (0.550904ms)
✔ renaming project and scan preserves existing observation associations (1.271667ms)
✔ challenge libraries, comments and unused login links do not imply an authentication failure (2.318818ms)
✔ observed sign-in text, structured errors and known redirect screens have specific recovery advice (2.528525ms)
✔ missing hydrated ID automatically reads source in the same document and preserves exact ID (2012.00282ms)
✔ hydrated success is fast: no second source request (3.263151ms)
✔ sign-in, security check and ambiguous IDs do not trigger repeated source requests (0.646344ms)
✔ navigation, wrong-source profile, denied source and cancellation never return a guessed ID (8010.046516ms)
✔ first current-page operation checks the public profile once when signed-in markup omits the ID (2026.08574ms)
✔ profile hydration completing during the public request returns the now-loaded current page (2002.316235ms)
✔ public fallback never overrides a newly conflicting ID, authentication screen, or navigation (8009.876108ms)
✔ public fallback rejects wrong profiles and unbound IDs without looping (6017.120738ms)
✔ explicit sign-in, conflicting IDs and successful initial reads never request public fallback (1.318632ms)
✔ cancelling during the public request prevents a result from being returned (2002.52125ms)
✔ an ambiguous public response stays unresolved even if late hydration exposes one of its IDs (2000.984102ms)
✔ history clear invalidates old batch/draft writes and removes nested archive copies only (8.819425ms)
✔ fallback lock serializes delayed writers with clear and recovers after rejection (0.321192ms)
✔ failed clear does not change epoch or lose saved history (0.994966ms)
✔ deleted case cannot be resurrected by late lookup writes, unrelated quick lookup remains usable (10.614968ms)
✔ restore rebases batch epoch and never restores a foreign runtime epoch (5.253294ms)
✔ archive recursion is bounded and excessive nesting leaves clear atomic (0.74697ms)
✔ late search drafts and session edits cannot recreate deleted case context (3.795442ms)
✔ late quick draft cannot reference a removed batch in the current epoch (0.279177ms)
✔ Recent retains five newest batches, removes archive copies and blocks late resurrection (9.534573ms)
✔ Recent migrates older storage on read and an unsuccessful trim leaves all contents intact (10.094865ms)
✔ Updating an existing batch does not make it newer than a later lookup (1.793246ms)
✔ restoring older backups enforces five recent batches in the same storage commit (2.134496ms)
✔ update removes previous query text, search activity and nested drafts while retaining evidence relationships (31.449048ms)
✔ typed searches and stale draft messages do not reach local/session storage or backup (6.122746ms)
✔ all requested reverse-image providers launch fixed HTTPS destinations without query or image data (9.97228ms)
✔ failed navigation cleans the temporary tab and context, without keeping a failed query (2.399489ms)
✔ restoring an older backup cannot restore search text or archived drafts (13.496297ms)
✔ real quick worker resolves a delayed fixture, retains origin after switch, saves to origin and restores batch (68.447031ms)
✔ backup merged into existing work remaps lookup destination with the imported scan (31.342271ms)
✔ worker recovery marks interrupted lookup stopped without dropping its starting scan (6.281129ms)
✔ Source acquisition preserves bytes and dimensions, omits credentials and never follows redirects (54.084315ms)
✔ Source images reject expired/denied/oversized/invalid bodies and decode failures without success (8.917539ms)
✔ Autocomplete respects token boundaries, quotes, provider capabilities and exact accepted tokens (0.629825ms)
✔ Reference import preserves exact wording, paths and example status while excluding hazards (5.011499ms)
✔ Reference import rejects malformed paths, versions, duplicates and empty or malicious packs (3.402048ms)
✔ Reference fuzzy matches stay below exact matches and possible templates remain distinct (4.502404ms)
✔ ready metadata has no artificial two-second delay even when tab status is loading (10.608257ms)
✔ metadata appearing during the buffer succeeds in one operation and reuses the pinned reader (504.949986ms)
✔ an explicitly matching pending URL may settle before the document is read (251.085219ms)
✔ a different pending profile invalidates even a ready ID (0.946814ms)
✔ navigation during the buffer cannot produce a result from the old profile (258.828506ms)
✔ cancellation interrupts the readiness timer without continuing into source fallback (103.058313ms)
✔ source reader sends only a same-origin authenticated GET and returns bounded source (65.850764ms)
✔ source reader reports HTTP, unavailable stream, large response, network and navigation failures (145.911619ms)
✔ simultaneous commands serialize without losing saved items (36.452767ms)
✔ failed persistence never reports success or poisons subsequent writes (2.15106ms)
✔ actual search command remembers its scan across delayed tab creation (5.468778ms)
✔ failed tab creation leaves no retained search query or event (0.921962ms)
✔ capture uses original tab and destination even during a switch (2.240141ms)
✔ capture cannot silently save inaccessible pages (1.058223ms)
✔ complete backup restores original workspace, legacy batches and settings into empty storage (27.113606ms)
✔ import with collisions adds separate copies and archives conflicting preferences (1.238846ms)
✔ report files and foreign keys are rejected before import mutation (1.740135ms)
✔ manifest resources exist and no broad host permissions were added (3.986048ms)
✔ workspace.html has every direct DOM target used by its controller (1.082739ms)
✔ popup.html has every direct DOM target used by its controller (0.593305ms)
✔ index.html has every direct DOM target used by its controller (2.255206ms)
✔ capture.html has every direct DOM target used by its controller (0.435734ms)
✔ capture-edit.html has every direct DOM target used by its controller (0.474348ms)
✔ evidence.html has every direct DOM target used by its controller (0.340541ms)
✔ new UI renders stored text without HTML injection sinks (1.384184ms)
✔ every shipped JavaScript module parses before packaging (4969.859479ms)
✔ the complete service-worker module graph uses only supported static imports (4.141364ms)
✔ browser opener relationship inherits the search while global destination differs (19.576257ms)
✔ unknown or missing opener never invents a relationship from matching URLs (0.657863ms)
✔ explicit reassignment clears originating search and detachment stops inheritance (6.549615ms)
✔ worker module restart retains assignment while a browser session reset drops it (1.560244ms)
✔ closed parent does not retarget child and stale tab IDs are pruned (4.750879ms)
✔ browser replacement transfers explicit context without inspecting a URL (1.027876ms)
✔ search is assigned before navigating and immediate result tabs retain origin (9.633603ms)
✔ page save uses frozen tab context despite delayed read, reassignment and active switch (41.192589ms)
✔ backup merge remaps saved research search references and preserves moved original scope (1.517384ms)
✔ cross-project search references are rejected and quick lookup retains exact reference (3.713096ms)
✔ metadata save uses the toolbar destination despite newer default and tab assignments (0.795631ms)
ℹ tests 226
ℹ suites 0
ℹ pass 226
ℹ fail 0
ℹ cancelled 0
ℹ skipped 0
ℹ todo 0
ℹ duration_ms 32854.325083
