✔ adapter positively confirms exact channel absence, while missing markup, login and redirect remain unknown (4.970664ms)
✔ five usable, one technical, two gone: ready first, quiet gone last, IDs-only has five exact strings (2.596337ms)
✔ gone batches survive reload and omit direct URL IDs from current ID output (2.104227ms)
✔ permanent account record survives handle change and confirmed gone without creating a person association (5.970017ms)
✔ golden path remains project-free with mixed URL input and exact large IDs (1.41803ms)
✔ popup, full tool and side panel can reach workspace service (2.870182ms)
✔ web pages and other extension senders cannot mutate workspace (0.262845ms)
✔ authorized message returns action result and errors as structured responses (6.422807ms)
✔ explicit context-menu event saves selection and source to active scan (6.096068ms)
✔ trusted page messages cannot bypass the payload boundary or preference allowlist (0.994365ms)
✔ worker startup storage restriction failure blocks access before routing any action (2.724742ms)
✔ crop handles adjust edges and corners in image pixels without changing the opposite edge (2.163414ms)
✔ crop cannot invert, leave the image or shrink below one pixel; moving preserves size (0.491589ms)
✔ capture start freezes the displayed destination even if default and tab assignment change before worker work (6.193327ms)
✔ capture start rejects stale cross-project displayed context before creating a window (0.900734ms)
✔ side-panel capture without page invocation fails with activeTab guidance and no launch (0.562154ms)
✔ capture cannot target an inactive tab (0.637607ms)
✔ capture lock survives worker-style session state and prevents overlapping controllers (1.90897ms)
✔ navigation after toolbar opens rejects the displayed URL before launching or reading the page (0.380382ms)
✔ selection-and-copy is frozen into the controller seed and unsupported actions do not launch (0.817755ms)
✔ a controller finishing before windows.create resolves cannot leave a stale capture lock (1.424427ms)
✔ scrolling region covers the selected extent and only the needed viewports (4.756353ms)
✔ bottom selection starts in the final viewport and retains crop offset (0.30765ms)
✔ scrolling region bounds huge/infinite selections by tile and pixel limits (0.582579ms)
✔ selection above the initial viewport and horizontal page offset remain document coordinates (0.284455ms)
✔ invalid region and nonfinite geometry fail before capture (0.845484ms)
✔ extended selection preserves original tiles, paces screenshots, crops selected pixels and restores page (8.820146ms)
✔ cancellation restores source without a successful screenshot record (1.136335ms)
✔ source movement discards unvalidated tiles and restores page (0.676406ms)
✔ failed later screenshot retains only validated selected pixels and labels partial (0.918362ms)
✔ changed page height and tile truncation never claim complete (0.736616ms)
✔ fractional crop bounds include outward-rounded high-DPI edge pixels (0.629659ms)
✔ live selection refuses horizontal clipping instead of silently shrinking width (0.782654ms)
✔ aspect mismatch of several pixels fails even when the old relative tolerance accepted it (0.420585ms)
✔ on-page rectangle maps high-DPI fractional edges outward without losing pixels (2.19259ms)
✔ selection rejects movement, resize, zoom and an inconsistent native screenshot scale (0.746106ms)
✔ history browsing is exact by scan, case, subject and Inbox without name-based relationships (1.351983ms)
✔ history search, attention state, saved-only and grouping stay deterministic (0.487285ms)
✔ capture deletion uses record snapshots and refuses active exports, duplicates and empty selection (2.032406ms)
✔ rectangle bounds clamp negative drag, preserve pixel coordinates, reject empty or nonfinite (2.067761ms)
✔ full-page plan bounds high DPI pixels and bottom overlap (2.309652ms)
✔ visible capture keeps original bytes, dimensions, scale and scroll (7.2501ms)
✔ full-page pacing preserves tiles, restores page and marks stitch as derivative (0.809051ms)
✔ cancel while scrolling restores source and does not claim a completed capture (0.569545ms)
✔ tab change after a validated tile retains only validated pixels and marks partial (1.35373ms)
✔ bounded page can never be labeled complete (0.652055ms)
✔ frozen destination rejects mixed Inbox/project and is immutable (0.314295ms)
✔ paths avoid reserved names, traversal, separators and same-name subject collisions (1.557396ms)
✔ shareable rectangle chooses derivative and does not include original pixels (0.348957ms)
✔ SHA-256 is over exact original bytes (32.993611ms)
✔ role clipboard keeps separate dated observations across scans; renames retain their stable relationships (42.517973ms)
✔ role clipboard isolates cases by IDs and ignores an unrelated global destination change (3.903459ms)
✔ local parser emits explicit editable candidates and excludes private contact by default (10.119495ms)
✔ ephemeral names and values are absent from durable JSON; stable role IDs and tokenized queries remain (5.277182ms)
✔ local mode retains only approved reviewed fields, rejects duplicates and preserves apostrophes (2.063235ms)
✔ coverage no match differs from Gone, and association requires a deliberate action (4.026788ms)
✔ merge remaps queue, seed and subject references without changing token text (5.357428ms)
✔ reviewed names over subject limits and injected durable ephemeral values fail before commit (0.915746ms)
✔ project closure removes its linked metadata while preserving Quick Lookup-independent other projects (8.112626ms)
✔ same-named people create separate subjects and role IDs; ordinary search seeds deduplicate (0.405634ms)
✔ simple local cases create stable SOCs and an internal scan without intake, queue or inferred associations (1.533142ms)
✔ lookup context is preserved in a saved/restored batch and overrides a later active scan (8.865988ms)
✔ Inbox origin remains Inbox when a project later becomes active (0.553936ms)
✔ legacy batches have no invented origin and can be saved into chosen active scan (0.460735ms)
✔ undo item.review reverses only the edit and preserves extracted evidence (2.757914ms)
✔ undo item.include reverses only the edit and preserves extracted evidence (0.78324ms)
✔ undo item.annotate reverses only the edit and preserves extracted evidence (1.313962ms)
✔ undo refuses to overwrite a subsequent change to the same record (0.601358ms)
✔ undo move restores original scope and entity link (4.73893ms)
✔ undo task dismissal restores open state with action history intact (4.841778ms)
✔ undo history survives backup merge with remapped references (3.092644ms)
✔ malformed undo backup cannot change extraction fields (0.871189ms)
✔ mechanical checks distinguish duplicate URLs and historical handle changes (1.546349ms)
✔ maximum-length search query is valid in backup action history (1.420767ms)
✔ reviewing or reopening a search preserves its original launch timestamp (2.204054ms)
✔ long unquoted IDs remain exact with numbers inside quoted biography (4.290088ms)
✔ quoted text is preserved: escaped quote (0.520282ms)
✔ quoted text is preserved: unicode (0.987529ms)
✔ quoted text is preserved: brackets (0.240704ms)
✔ quoted text is preserved: backslash (15.862508ms)
✔ a related account cannot supply an ID for requested account (1.701401ms)
✔ page og:url does not authorize unscoped profile_id (2.027154ms)
✔ Facebook explicit mismatched owner cannot inherit page og:url (1.04631ms)
✔ conflicting account data returns an error (0.642354ms)
✔ redirected profile and invalid JSON cannot yield a guessed ID (0.956842ms)
✔ baseline direct URL IDs still work with no workspace project (8.847363ms)
✔ mismatched supplied ID stays out of copy output (1.009567ms)
✔ synthetic matching samples cover all five supported adapters (1.360892ms)
✔ Instagram profile_id in assigned page-source JSON resolves without evaluating page code (0.489061ms)
✔ Facebook userVanity binds only its own userID, including unquoted large integers (0.842287ms)
✔ Facebook profile routes require matching vanity and URL and reject conflicting views (3.278644ms)
✔ all recognized assignments in one script are inspected, including later profiles and conflicts (0.521239ms)
✔ generated isolated reader matches the tested parser and returns no source for every platform (22.971567ms)
✔ page reader rejects wrong profile, conflicts, generic IDs, sign-in and challenge; never executes site script (7.746776ms)
✔ automatic source read stays in page memory with minimal result, credential scope and navigation guard (67.885866ms)
✔ reader boundary rejects unrequested raw data, oversized results, malformed IDs and status values (0.641283ms)
✔ storage access is applied to local and session and failures stop privileged operations (3.972915ms)
✔ trusted messages still reject malformed, oversized, recursive and prototype fields (1.737524ms)
✔ preferences allow only known settings and types; no arbitrary storage payload (0.609843ms)
✔ generated parser cannot drift from module sources (70.527516ms)
✔ public pasted-profile request omits credentials and does not launch a tab when it resolves (8.038977ms)
✔ release privacy gate rejects seeded credentials, private files, archive traversal and nested private packs (86.612937ms)
✔ anonymous denial preserves the explicitly enabled browser fallback and closes only its temporary tab (1094.525606ms)
✔ Instagram pk is the account ID when hydrated data has a separate id (4.009743ms)
✔ matched anonymous profile route resolves before hydration without inventing status (26.735933ms)
✔ route and hydrated pk agree while separate id is excluded from copy (2.553881ms)
✔ route parsing preserves long unquoted content and logging IDs (3.915812ms)
✔ anonymous route rejects different username (1.494144ms)
✔ anonymous route rejects different route URL (6.896224ms)
✔ anonymous route rejects different platform (0.755538ms)
✔ anonymous route rejects sign-in route (3.401002ms)
✔ anonymous route rejects different page type (0.92546ms)
✔ anonymous route rejects missing profile configuration (0.386029ms)
✔ anonymous route rejects unrelated resource (0.933478ms)
✔ anonymous route rejects unrelated entry point (0.197364ms)
✔ anonymous route rejects missing hostable view (0.776115ms)
✔ anonymous route rejects logging mismatch (0.745133ms)
✔ anonymous route rejects page ID mismatch (0.208206ms)
✔ anonymous route rejects unsafe URL (0.692453ms)
✔ two conflicting content views remain ambiguous (0.25449ms)
✔ route cannot override a conflicting hydrated account pk (0.136572ms)
✔ matching pk values in separate observations cannot hide a conflicting profile_id (0.224958ms)
✔ logging fields and recommendations alone cannot identify an account (0.155454ms)
✔ Threads does not inherit Instagram-specific pk semantics (0.160827ms)
✔ an invalid Instagram pk cannot promote its separate id to an account ID (0.319298ms)
✔ Inbox explicit capture requires no project (42.288838ms)
✔ completion stays in original scan after active destination switches (5.280343ms)
✔ same ID with renamed account keeps two immutable observations (2.07069ms)
✔ same ID in a different project is isolated (0.864965ms)
✔ identical explicit save is idempotent; later check adds observation (0.864206ms)
✔ mismatched supplied ID remains a separate unresolved account record (0.773028ms)
✔ review and analyst note edits cannot overwrite extraction evidence (1.403247ms)
✔ Inbox moves scope entities to destination project; captured context retained (1.157706ms)
✔ report uses explicit inclusion, filters excluded items and separates scans (1.926871ms)
✔ search transitions require opening before review and retain query exactly (8.649128ms)
✔ backup round-trip is lossless in an empty workspace (1.331226ms)
✔ restoring into existing work remaps references without changing observations (6.708567ms)
✔ invalid and cross-project backup references are rejected (1.075181ms)
✔ IDs supplied as numbers, unsupported URLs, missing scopes and oversized text fail closed (0.777024ms)
✔ search provider cannot become arbitrary executable URL (0.364223ms)
✔ tasks can be done, dismissed or reopened without losing history (4.29485ms)
✔ common pasted links without a scheme save with their original spelling (1.267703ms)
✔ renaming project and scan preserves existing observation associations (0.89813ms)
✔ challenge libraries, comments and unused login links do not imply an authentication failure (4.488903ms)
✔ observed sign-in text, structured errors and known redirect screens have specific recovery advice (2.339982ms)
✔ missing hydrated ID automatically reads source in the same document and preserves exact ID (2072.3817ms)
✔ hydrated success is fast: no second source request (30.382429ms)
✔ sign-in, security check and ambiguous IDs do not trigger repeated source requests (8.307298ms)
✔ navigation, wrong-source profile, denied source and cancellation never return a guessed ID (8011.442481ms)
✔ first current-page operation checks the public profile once when signed-in markup omits the ID (2069.724199ms)
✔ profile hydration completing during the public request returns the now-loaded current page (2001.445369ms)
✔ public fallback never overrides a newly conflicting ID, authentication screen, or navigation (8009.485272ms)
✔ public fallback rejects wrong profiles and unbound IDs without looping (6005.945354ms)
✔ explicit sign-in, conflicting IDs and successful initial reads never request public fallback (0.869928ms)
✔ cancelling during the public request prevents a result from being returned (2017.069135ms)
✔ an ambiguous public response stays unresolved even if late hydration exposes one of its IDs (2002.575891ms)
✔ history clear invalidates old batch/draft writes and removes nested archive copies only (9.664825ms)
✔ fallback lock serializes delayed writers with clear and recovers after rejection (0.3456ms)
✔ failed clear does not change epoch or lose saved history (10.133507ms)
✔ deleted case cannot be resurrected by late lookup writes, unrelated quick lookup remains usable (1.001948ms)
✔ restore rebases batch epoch and never restores a foreign runtime epoch (3.26157ms)
✔ archive recursion is bounded and excessive nesting leaves clear atomic (0.822349ms)
✔ late search drafts and session edits cannot recreate deleted case context (0.65921ms)
✔ late quick draft cannot reference a removed batch in the current epoch (0.205313ms)
✔ Recent retains five newest batches, removes archive copies and blocks late resurrection (2.871818ms)
✔ Recent migrates older storage on read and an unsuccessful trim leaves all contents intact (4.889901ms)
✔ Updating an existing batch does not make it newer than a later lookup (1.131492ms)
✔ restoring older backups enforces five recent batches in the same storage commit (1.29841ms)
✔ update removes previous query text, search activity and nested drafts while retaining evidence relationships (15.658756ms)
✔ typed searches and stale draft messages do not reach local/session storage or backup (19.390331ms)
✔ all requested reverse-image providers launch fixed HTTPS destinations without query or image data (7.19458ms)
✔ failed navigation cleans the temporary tab and context, without keeping a failed query (1.068372ms)
✔ restoring an older backup cannot restore search text or archived drafts (7.750758ms)
✔ real quick worker resolves a delayed fixture, retains origin after switch, saves to origin and restores batch (122.953756ms)
✔ backup merged into existing work remaps lookup destination with the imported scan (32.812877ms)
✔ worker recovery marks interrupted lookup stopped without dropping its starting scan (148.577246ms)
✔ ready metadata has no artificial two-second delay even when tab status is loading (48.289769ms)
✔ metadata appearing during the buffer succeeds in one operation and reuses the pinned reader (547.749483ms)
✔ an explicitly matching pending URL may settle before the document is read (256.51549ms)
✔ a different pending profile invalidates even a ready ID (2.641235ms)
✔ navigation during the buffer cannot produce a result from the old profile (415.430894ms)
✔ cancellation interrupts the readiness timer without continuing into source fallback (301.193601ms)
✔ source reader sends only a same-origin authenticated GET and returns bounded source (530.569529ms)
✔ source reader reports HTTP, unavailable stream, large response, network and navigation failures (786.365274ms)
✔ simultaneous commands serialize without losing saved items (13.325777ms)
✔ failed persistence never reports success or poisons subsequent writes (3.584892ms)
✔ actual search command remembers its scan across delayed tab creation (25.607653ms)
✔ failed tab creation leaves no retained search query or event (1.907708ms)
✔ capture uses original tab and destination even during a switch (120.271671ms)
✔ capture cannot silently save inaccessible pages (1.117551ms)
✔ complete backup restores original workspace, legacy batches and settings into empty storage (9.281329ms)
✔ import with collisions adds separate copies and archives conflicting preferences (8.159415ms)
✔ report files and foreign keys are rejected before import mutation (0.914473ms)
✔ manifest resources exist and no broad host permissions were added (43.846613ms)
✔ workspace.html has every direct DOM target used by its controller (2.118552ms)
✔ popup.html has every direct DOM target used by its controller (1.462427ms)
✔ index.html has every direct DOM target used by its controller (3.672748ms)
✔ capture.html has every direct DOM target used by its controller (5.532329ms)
✔ capture-edit.html has every direct DOM target used by its controller (109.271764ms)
✔ evidence.html has every direct DOM target used by its controller (0.818272ms)
✔ new UI renders stored text without HTML injection sinks (2.668809ms)
✔ every shipped JavaScript module parses before packaging (5148.389638ms)
✔ the complete service-worker module graph uses only supported static imports (25.707298ms)
✔ browser opener relationship inherits the search while global destination differs (21.535277ms)
✔ unknown or missing opener never invents a relationship from matching URLs (0.873391ms)
✔ explicit reassignment clears originating search and detachment stops inheritance (1.798161ms)
✔ worker module restart retains assignment while a browser session reset drops it (5.300262ms)
✔ closed parent does not retarget child and stale tab IDs are pruned (1.203664ms)
✔ browser replacement transfers explicit context without inspecting a URL (1.625611ms)
✔ search is assigned before navigating and immediate result tabs retain origin (7.106751ms)
✔ page save uses frozen tab context despite delayed read, reassignment and active switch (30.10365ms)
✔ backup merge remaps saved research search references and preserves moved original scope (9.515712ms)
✔ cross-project search references are rejected and quick lookup retains exact reference (1.117402ms)
✔ metadata save uses the toolbar destination despite newer default and tab assignments (0.609317ms)
ℹ tests 214
ℹ suites 0
ℹ pass 214
ℹ fail 0
ℹ cancelled 0
ℹ skipped 0
ℹ todo 0
ℹ duration_ms 33146.268984
